
> frontend@3.0.5 build
> next build

??Next.js 16.1.1 (Turbopack)

node.exe : ??The "middleware" file conv
ention is deprecated. Please use "proxy
" instead. Learn more: https://nextjs.o
rg/docs/messages/middleware-to-proxy
위치 줄:1 문자:1
+ & "C:\Program Files\nodejs/node.exe" 
"C:\Program Files\nodejs/node_mo ...
+ ~~~~~~~~~~~~~~~~~~~~~~~~~~~~~~~~~~~~~
~~~~~~~~~~~~~~~~~~~~~~~~~~~~~~~~
    + CategoryInfo          : NotSpeci 
   fied: (??The "middlewa...leware-to  
  -proxy:String) [], RemoteException
    + FullyQualifiedErrorId : NativeCo 
   mmandError
 
  Creating an optimized production build ...
??Compiled successfully in 3.6s
  Running TypeScript ...
Failed to compile.

./src/app/management/page.tsx:143:38
Type error: Cannot find name 'Server'.

[0m [90m 141 |[39m                  
           [33m<[39m[33mdiv[39m[33
m>[39m
 [90m 142 |[39m                      
           [33m<[39m[33mCardTitle[3
9m className[33m=[39m[32m"flex items
-center gap-2"[39m[33m>[39m
[31m[1m>[22m[39m[90m 143 |[39m   
                                  [33m
<[39m[33mServer[39m className[33m=
[39m[32m"w-5 h-5 text-blue-400"[39m 
[33m/[39m[33m>[39m ?쒕쾭 ?몄뒪?댁뒪
 [90m     |[39m                      
                [31m[1m^[22m[39m
 [90m 144 |[39m                      
           [33m<[39m[33m/[39m[33mC
ardTitle[39m[33m>[39m
 [90m 145 |[39m                      
           [33m<[39m[33mCardDescript
ion[39m[33m>[39m?ㅼ쨷 ?쒕쾭 ?몄뒪?댁뒪瑜??앹꽦?
섍퀬 愿由ы빀?덈떎[33m<[39m[33m/[39m[33mC
ardDescription[39m[33m>[39m
 [90m 146 |[39m                      
       [33m<[39m[33m/[39m[33mdiv[
39m[33m>[39m[0m
Next.js build worker exited with code: 
1 and signal: null
